// Jest Snapshot v1, https://goo.gl/fbAQLP

exports[`Reviews renders correctly 1`] = `
<div
  data-testid="parentDiv"
>
  <div
    className="flex-center red-text"
  >
    
  </div>
  <div
    className="flex-center bottom-padding"
  >
    <input
      onChange={[Function]}
      placeholder="Please enter a search term"
      type="text"
      value=""
    />
    <button
      onClick={[Function]}
    >
      Search
    </button>
    <select
      className="bg-light searchCriterion"
      onChange={[Function]}
      value=""
    >
      <option
        value=""
      >
        Select Search Criterion
      </option>
      <option
        value="id"
      >
        ID
      </option>
      <option
        value="body"
      >
        Body
      </option>
      <option
        value="author"
      >
        Author
      </option>
      <option
        value="rating"
      >
        Rating
      </option>
      <option
        value="reset"
      >
        Reset
      </option>
    </select>
  </div>
  <ul
    className="grid space-around"
  />
</div>
`;
